// Jest Snapshot v1, https://goo.gl/fbAQLP

exports[`Home component should render right thing and don't change unexpected 1`] = `
<div
  className="app-home"
>
  <div
    className="loading"
  >
    <div
      className="ant-spin ant-spin-spinning ant-spin-show-text"
    >
      <span
        className="ant-spin-dot"
      >
        <i />
        <i />
        <i />
        <i />
      </span>
      <div
        className="ant-spin-text"
      >
        Loading...
      </div>
    </div>
  </div>
  <div
    className="app-home__content"
  />
</div>
`;
