// Jest Snapshot v1, https://goo.gl/fbAQLP

exports[`Home component should render right thing and don't change unexpected 1`] = `
<div
  className="App container"
>
  <div
    className="App-header"
  >
    <img
      alt="logo"
      className="App-logo"
      src="logo.svg"
    />
    <h2>
      Welcome to WP SPA
    </h2>
  </div>
</div>
`;
